Archive member included to satisfy reference by file (symbol)

/opt/st/stm32cubeide_1.2.0/plugins/com.st.stm32cube.ide.mcu.externaltools.gnu-tools-for-stm32.7-2018-q2-update.linux64_1.0.0.201904181610/tools/bin/../lib/gcc/arm-none-eabi/7.3.1/../../../../arm-none-eabi/lib/thumb/v7e-m/fpv4-sp/hard/libc_nano.a(lib_a-errno.o)
                              Core/Src/syscalls.o (__errno)
/opt/st/stm32cubeide_1.2.0/plugins/com.st.stm32cube.ide.mcu.externaltools.gnu-tools-for-stm32.7-2018-q2-update.linux64_1.0.0.201904181610/tools/bin/../lib/gcc/arm-none-eabi/7.3.1/../../../../arm-none-eabi/lib/thumb/v7e-m/fpv4-sp/hard/libc_nano.a(lib_a-exit.o)
                              /opt/st/stm32cubeide_1.2.0/plugins/com.st.stm32cube.ide.mcu.externaltools.gnu-tools-for-stm32.7-2018-q2-update.linux64_1.0.0.201904181610/tools/bin/../lib/gcc/arm-none-eabi/7.3.1/../../../../arm-none-eabi/lib/thumb/v7e-m/fpv4-sp/hard/crt0.o (exit)
/opt/st/stm32cubeide_1.2.0/plugins/com.st.stm32cube.ide.mcu.externaltools.gnu-tools-for-stm32.7-2018-q2-update.linux64_1.0.0.201904181610/tools/bin/../lib/gcc/arm-none-eabi/7.3.1/../../../../arm-none-eabi/lib/thumb/v7e-m/fpv4-sp/hard/libc_nano.a(lib_a-impure.o)
                              /opt/st/stm32cubeide_1.2.0/plugins/com.st.stm32cube.ide.mcu.externaltools.gnu-tools-for-stm32.7-2018-q2-update.linux64_1.0.0.201904181610/tools/bin/../lib/gcc/arm-none-eabi/7.3.1/../../../../arm-none-eabi/lib/thumb/v7e-m/fpv4-sp/hard/libc_nano.a(lib_a-exit.o) (_global_impure_ptr)
/opt/st/stm32cubeide_1.2.0/plugins/com.st.stm32cube.ide.mcu.externaltools.gnu-tools-for-stm32.7-2018-q2-update.linux64_1.0.0.201904181610/tools/bin/../lib/gcc/arm-none-eabi/7.3.1/../../../../arm-none-eabi/lib/thumb/v7e-m/fpv4-sp/hard/libc_nano.a(lib_a-init.o)
                              /opt/st/stm32cubeide_1.2.0/plugins/com.st.stm32cube.ide.mcu.externaltools.gnu-tools-for-stm32.7-2018-q2-update.linux64_1.0.0.201904181610/tools/bin/../lib/gcc/arm-none-eabi/7.3.1/../../../../arm-none-eabi/lib/thumb/v7e-m/fpv4-sp/hard/crt0.o (__libc_init_array)
/opt/st/stm32cubeide_1.2.0/plugins/com.st.stm32cube.ide.mcu.externaltools.gnu-tools-for-stm32.7-2018-q2-update.linux64_1.0.0.201904181610/tools/bin/../lib/gcc/arm-none-eabi/7.3.1/../../../../arm-none-eabi/lib/thumb/v7e-m/fpv4-sp/hard/libc_nano.a(lib_a-memset.o)
                              /opt/st/stm32cubeide_1.2.0/plugins/com.st.stm32cube.ide.mcu.externaltools.gnu-tools-for-stm32.7-2018-q2-update.linux64_1.0.0.201904181610/tools/bin/../lib/gcc/arm-none-eabi/7.3.1/../../../../arm-none-eabi/lib/thumb/v7e-m/fpv4-sp/hard/crt0.o (memset)

Allocating common symbols
Common symbol       size              file

hspi2               0x64              Core/Lcd/lcd.o
uwTick              0x4               Drivers/STM32L4xx_HAL_Driver/Src/stm32l4xx_hal.o

Discarded input sections

 .text          0x0000000000000000        0x0 /opt/st/stm32cubeide_1.2.0/plugins/com.st.stm32cube.ide.mcu.externaltools.gnu-tools-for-stm32.7-2018-q2-update.linux64_1.0.0.201904181610/tools/bin/../lib/gcc/arm-none-eabi/7.3.1/thumb/v7e-m/fpv4-sp/hard/crti.o
 .data          0x0000000000000000        0x0 /opt/st/stm32cubeide_1.2.0/plugins/com.st.stm32cube.ide.mcu.externaltools.gnu-tools-for-stm32.7-2018-q2-update.linux64_1.0.0.201904181610/tools/bin/../lib/gcc/arm-none-eabi/7.3.1/thumb/v7e-m/fpv4-sp/hard/crti.o
 .bss           0x0000000000000000        0x0 /opt/st/stm32cubeide_1.2.0/plugins/com.st.stm32cube.ide.mcu.externaltools.gnu-tools-for-stm32.7-2018-q2-update.linux64_1.0.0.201904181610/tools/bin/../lib/gcc/arm-none-eabi/7.3.1/thumb/v7e-m/fpv4-sp/hard/crti.o
 .data          0x0000000000000000        0x4 /opt/st/stm32cubeide_1.2.0/plugins/com.st.stm32cube.ide.mcu.externaltools.gnu-tools-for-stm32.7-2018-q2-update.linux64_1.0.0.201904181610/tools/bin/../lib/gcc/arm-none-eabi/7.3.1/thumb/v7e-m/fpv4-sp/hard/crtbegin.o
 .text          0x0000000000000000       0x74 /opt/st/stm32cubeide_1.2.0/plugins/com.st.stm32cube.ide.mcu.externaltools.gnu-tools-for-stm32.7-2018-q2-update.linux64_1.0.0.201904181610/tools/bin/../lib/gcc/arm-none-eabi/7.3.1/../../../../arm-none-eabi/lib/thumb/v7e-m/fpv4-sp/hard/crt0.o
 .data          0x0000000000000000        0x0 /opt/st/stm32cubeide_1.2.0/plugins/com.st.stm32cube.ide.mcu.externaltools.gnu-tools-for-stm32.7-2018-q2-update.linux64_1.0.0.201904181610/tools/bin/../lib/gcc/arm-none-eabi/7.3.1/../../../../arm-none-eabi/lib/thumb/v7e-m/fpv4-sp/hard/crt0.o
 .bss           0x0000000000000000        0x0 /opt/st/stm32cubeide_1.2.0/plugins/com.st.stm32cube.ide.mcu.externaltools.gnu-tools-for-stm32.7-2018-q2-update.linux64_1.0.0.201904181610/tools/bin/../lib/gcc/arm-none-eabi/7.3.1/../../../../arm-none-eabi/lib/thumb/v7e-m/fpv4-sp/hard/crt0.o
[...]
Memory Configuration

Name             Origin             Length             Attributes
RAM              0x0000000020000000 0x0000000000028000 xrw
FLASH            0x0000000008000000 0x0000000000080000 xr
*default*        0x0000000000000000 0xffffffffffffffff

Linker script and memory map

LOAD /opt/st/stm32cubeide_1.2.0/plugins/com.st.stm32cube.ide.mcu.externaltools.gnu-tools-for-stm32.7-2018-q2-update.linux64_1.0.0.201904181610/tools/bin/../lib/gcc/arm-none-eabi/7.3.1/thumb/v7e-m/fpv4-sp/hard/crti.o
LOAD /opt/st/stm32cubeide_1.2.0/plugins/com.st.stm32cube.ide.mcu.externaltools.gnu-tools-for-stm32.7-2018-q2-update.linux64_1.0.0.201904181610/tools/bin/../lib/gcc/arm-none-eabi/7.3.1/thumb/v7e-m/fpv4-sp/hard/crtbegin.o
LOAD /opt/st/stm32cubeide_1.2.0/plugins/com.st.stm32cube.ide.mcu.externaltools.gnu-tools-for-stm32.7-2018-q2-update.linux64_1.0.0.201904181610/tools/bin/../lib/gcc/arm-none-eabi/7.3.1/../../../../arm-none-eabi/lib/thumb/v7e-m/fpv4-sp/hard/crt0.o
LOAD Core/Lcd/lcd.o
LOAD Core/Src/main.o
LOAD Core/Src/stm32l4xx_hal_msp.o
LOAD Core/Src/stm32l4xx_it.o
LOAD Core/Src/syscalls.o
LOAD Core/Src/sysmem.o
LOAD Core/Src/system_stm32l4xx.o
LOAD Core/Startup/startup_stm32l452retx.o
LOAD Drivers/STM32L4xx_HAL_Driver/Src/stm32l4xx_hal.o
LOAD Drivers/STM32L4xx_HAL_Driver/Src/stm32l4xx_hal_cortex.o
LOAD Drivers/STM32L4xx_HAL_Driver/Src/stm32l4xx_hal_dma.o
LOAD Drivers/STM32L4xx_HAL_Driver/Src/stm32l4xx_hal_dma_ex.o
LOAD Drivers/STM32L4xx_HAL_Driver/Src/stm32l4xx_hal_exti.o
LOAD Drivers/STM32L4xx_HAL_Driver/Src/stm32l4xx_hal_flash.o
LOAD Drivers/STM32L4xx_HAL_Driver/Src/stm32l4xx_hal_flash_ex.o
LOAD Drivers/STM32L4xx_HAL_Driver/Src/stm32l4xx_hal_flash_ramfunc.o
LOAD Drivers/STM32L4xx_HAL_Driver/Src/stm32l4xx_hal_gpio.o
LOAD Drivers/STM32L4xx_HAL_Driver/Src/stm32l4xx_hal_i2c.o
LOAD Drivers/STM32L4xx_HAL_Driver/Src/stm32l4xx_hal_i2c_ex.o
LOAD Drivers/STM32L4xx_HAL_Driver/Src/stm32l4xx_hal_pwr.o
LOAD Drivers/STM32L4xx_HAL_Driver/Src/stm32l4xx_hal_pwr_ex.o
LOAD Drivers/STM32L4xx_HAL_Driver/Src/stm32l4xx_hal_rcc.o
LOAD Drivers/STM32L4xx_HAL_Driver/Src/stm32l4xx_hal_rcc_ex.o
LOAD Drivers/STM32L4xx_HAL_Driver/Src/stm32l4xx_hal_spi.o
LOAD Drivers/STM32L4xx_HAL_Driver/Src/stm32l4xx_hal_spi_ex.o
LOAD Drivers/STM32L4xx_HAL_Driver/Src/stm32l4xx_hal_tim.o
LOAD Drivers/STM32L4xx_HAL_Driver/Src/stm32l4xx_hal_tim_ex.o
START GROUP
LOAD /opt/st/stm32cubeide_1.2.0/plugins/com.st.stm32cube.ide.mcu.externaltools.gnu-tools-for-stm32.7-2018-q2-update.linux64_1.0.0.201904181610/tools/bin/../lib/gcc/arm-none-eabi/7.3.1/../../../../arm-none-eabi/lib/thumb/v7e-m/fpv4-sp/hard/libc_nano.a
LOAD /opt/st/stm32cubeide_1.2.0/plugins/com.st.stm32cube.ide.mcu.externaltools.gnu-tools-for-stm32.7-2018-q2-update.linux64_1.0.0.201904181610/tools/bin/../lib/gcc/arm-none-eabi/7.3.1/../../../../arm-none-eabi/lib/thumb/v7e-m/fpv4-sp/hard/libm.a
END GROUP
START GROUP
LOAD /opt/st/stm32cubeide_1.2.0/plugins/com.st.stm32cube.ide.mcu.externaltools.gnu-tools-for-stm32.7-2018-q2-update.linux64_1.0.0.201904181610/tools/bin/../lib/gcc/arm-none-eabi/7.3.1/thumb/v7e-m/fpv4-sp/hard/libgcc.a
LOAD /opt/st/stm32cubeide_1.2.0/plugins/com.st.stm32cube.ide.mcu.externaltools.gnu-tools-for-stm32.7-2018-q2-update.linux64_1.0.0.201904181610/tools/bin/../lib/gcc/arm-none-eabi/7.3.1/../../../../arm-none-eabi/lib/thumb/v7e-m/fpv4-sp/hard/libc_nano.a
END GROUP
START GROUP
LOAD /opt/st/stm32cubeide_1.2.0/plugins/com.st.stm32cube.ide.mcu.externaltools.gnu-tools-for-stm32.7-2018-q2-update.linux64_1.0.0.201904181610/tools/bin/../lib/gcc/arm-none-eabi/7.3.1/thumb/v7e-m/fpv4-sp/hard/libgcc.a
LOAD /opt/st/stm32cubeide_1.2.0/plugins/com.st.stm32cube.ide.mcu.externaltools.gnu-tools-for-stm32.7-2018-q2-update.linux64_1.0.0.201904181610/tools/bin/../lib/gcc/arm-none-eabi/7.3.1/../../../../arm-none-eabi/lib/thumb/v7e-m/fpv4-sp/hard/libc_nano.a
LOAD /opt/st/stm32cubeide_1.2.0/plugins/com.st.stm32cube.ide.mcu.externaltools.gnu-tools-for-stm32.7-2018-q2-update.linux64_1.0.0.201904181610/tools/bin/../lib/gcc/arm-none-eabi/7.3.1/../../../../arm-none-eabi/lib/thumb/v7e-m/fpv4-sp/hard/libnosys.a
END GROUP
START GROUP
LOAD /opt/st/stm32cubeide_1.2.0/plugins/com.st.stm32cube.ide.mcu.externaltools.gnu-tools-for-stm32.7-2018-q2-update.linux64_1.0.0.201904181610/tools/bin/../lib/gcc/arm-none-eabi/7.3.1/thumb/v7e-m/fpv4-sp/hard/libgcc.a
LOAD /opt/st/stm32cubeide_1.2.0/plugins/com.st.stm32cube.ide.mcu.externaltools.gnu-tools-for-stm32.7-2018-q2-update.linux64_1.0.0.201904181610/tools/bin/../lib/gcc/arm-none-eabi/7.3.1/../../../../arm-none-eabi/lib/thumb/v7e-m/fpv4-sp/hard/libc_nano.a
LOAD /opt/st/stm32cubeide_1.2.0/plugins/com.st.stm32cube.ide.mcu.externaltools.gnu-tools-for-stm32.7-2018-q2-update.linux64_1.0.0.201904181610/tools/bin/../lib/gcc/arm-none-eabi/7.3.1/../../../../arm-none-eabi/lib/thumb/v7e-m/fpv4-sp/hard/libnosys.a
END GROUP
LOAD /opt/st/stm32cubeide_1.2.0/plugins/com.st.stm32cube.ide.mcu.externaltools.gnu-tools-for-stm32.7-2018-q2-update.linux64_1.0.0.201904181610/tools/bin/../lib/gcc/arm-none-eabi/7.3.1/thumb/v7e-m/fpv4-sp/hard/crtend.o
LOAD /opt/st/stm32cubeide_1.2.0/plugins/com.st.stm32cube.ide.mcu.externaltools.gnu-tools-for-stm32.7-2018-q2-update.linux64_1.0.0.201904181610/tools/bin/../lib/gcc/arm-none-eabi/7.3.1/thumb/v7e-m/fpv4-sp/hard/crtn.o
                0x0000000020028000                _estack = (ORIGIN (RAM) + LENGTH (RAM))
                0x0000000000000200                _Min_Heap_Size = 0x200
                0x0000000000000400                _Min_Stack_Size = 0x400

.isr_vector     0x0000000008000000      0x194
                0x0000000008000000                . = ALIGN (0x4)
 *(.isr_vector)
 .isr_vector    0x0000000008000000      0x194 Core/Startup/startup_stm32l452retx.o
                0x0000000008000000                g_pfnVectors
                0x0000000008000194                . = ALIGN (0x4)

.text           0x0000000008000194     0x2440
                0x0000000008000194                . = ALIGN (0x4)
 *(.text)
 .text          0x0000000008000194       0x40 /opt/st/stm32cubeide_1.2.0/plugins/com.st.stm32cube.ide.mcu.externaltools.gnu-tools-for-stm32.7-2018-q2-update.linux64_1.0.0.201904181610/tools/bin/../lib/gcc/arm-none-eabi/7.3.1/thumb/v7e-m/fpv4-sp/hard/crtbegin.o
 *(.text*)
 .text.LCD_Init
                0x00000000080001d4       0x10 Core/Lcd/lcd.o
                0x00000000080001d4                LCD_Init
 .text.LCD_ILI9341_Reset
                0x00000000080001e4       0x44 Core/Lcd/lcd.o
                0x00000000080001e4                LCD_ILI9341_Reset
 .text.LCD_ILI9341_Init
                0x0000000008000228      0x23c Core/Lcd/lcd.o
                0x0000000008000228                LCD_ILI9341_Init
 .text.LCD_SetColors
                0x0000000008000464       0x2c Core/Lcd/lcd.o
                0x0000000008000464                LCD_SetColors
 .text.LCD_ILI9341_CMD
                0x0000000008000490       0x5c Core/Lcd/lcd.o
                0x0000000008000490                LCD_ILI9341_CMD
 .text.LCD_ILI9341_DATA
                0x00000000080004ec       0x5c Core/Lcd/lcd.o
                0x00000000080004ec                LCD_ILI9341_DATA
 .text.LCD_OpenWindow
                0x0000000008000548       0x6c Core/Lcd/lcd.o
                0x0000000008000548                LCD_OpenWindow
 .text.LCD_Clear
                0x00000000080005b4       0x6e Core/Lcd/lcd.o
                0x00000000080005b4                LCD_Clear
 .text.LCD_DispRec
                0x0000000008000622       0x9a Core/Lcd/lcd.o
                0x0000000008000622                LCD_DispRec
 .text.LCD_SetPoint
                0x00000000080006bc       0x48 Core/Lcd/lcd.o
                0x00000000080006bc                LCD_SetPoint
 .text.LCD_SetCursor
                0x0000000008000704       0x24 Core/Lcd/lcd.o
                0x0000000008000704                LCD_SetCursor
 .text.main     0x0000000008000728      0x106 Core/Src/main.o
                0x0000000008000728                main
 .text.SystemClock_Config
                0x000000000800082e       0xa2 Core/Src/main.o
                0x000000000800082e                SystemClock_Config
 .text.MX_SPI2_Init
                0x00000000080008d0       0x7c Core/Src/main.o
 .text.MX_GPIO_Init
                0x000000000800094c       0xf4 Core/Src/main.o
 .text.Error_Handler
                0x0000000008000a40        0xe Core/Src/main.o
                0x0000000008000a40                Error_Handler
 *fill*         0x0000000008000a4e        0x2 
 .text.HAL_MspInit
                0x0000000008000a50       0x48 Core/Src/stm32l4xx_hal_msp.o
                0x0000000008000a50                HAL_MspInit
 .text.HAL_SPI_MspInit
                0x0000000008000a98       0xc4 Core/Src/stm32l4xx_hal_msp.o
                0x0000000008000a98                HAL_SPI_MspInit
 .text.NMI_Handler
                0x0000000008000b5c        0xe Core/Src/stm32l4xx_it.o
                0x0000000008000b5c                NMI_Handler
 .text.HardFault_Handler
                0x0000000008000b6a        0x6 Core/Src/stm32l4xx_it.o
                0x0000000008000b6a                HardFault_Handler
 .text.MemManage_Handler
                0x0000000008000b70        0x6 Core/Src/stm32l4xx_it.o
                0x0000000008000b70                MemManage_Handler
 .text.BusFault_Handler
                0x0000000008000b76        0x6 Core/Src/stm32l4xx_it.o
                0x0000000008000b76                BusFault_Handler
 .text.UsageFault_Handler
                0x0000000008000b7c        0x6 Core/Src/stm32l4xx_it.o
                0x0000000008000b7c                UsageFault_Handler
 .text.SVC_Handler
                0x0000000008000b82        0xe Core/Src/stm32l4xx_it.o
                0x0000000008000b82                SVC_Handler
 .text.DebugMon_Handler
                0x0000000008000b90        0xe Core/Src/stm32l4xx_it.o
                0x0000000008000b90                DebugMon_Handler
 .text.PendSV_Handler
                0x0000000008000b9e        0xe Core/Src/stm32l4xx_it.o
                0x0000000008000b9e                PendSV_Handler
 .text.SysTick_Handler
                0x0000000008000bac        0xc Core/Src/stm32l4xx_it.o
                0x0000000008000bac                SysTick_Handler
 .text.SystemInit
                0x0000000008000bb8       0x6c Core/Src/system_stm32l4xx.o
                0x0000000008000bb8                SystemInit
 .text.Reset_Handler
                0x0000000008000c24       0x50 Core/Startup/startup_stm32l452retx.o
                0x0000000008000c24                Reset_Handler
 .text.Default_Handler
                0x0000000008000c74        0x2 Core/Startup/startup_stm32l452retx.o
                0x0000000008000c74                RTC_Alarm_IRQHandler
                0x0000000008000c74                EXTI2_IRQHandler
                0x0000000008000c74                TIM1_CC_IRQHandler
                0x0000000008000c74                TSC_IRQHandler
                0x0000000008000c74                TAMP_STAMP_IRQHandler
                0x0000000008000c74                EXTI3_IRQHandler
                0x0000000008000c74                LPTIM2_IRQHandler
                0x0000000008000c74                DFSDM1_FLT1_IRQHandler
                0x0000000008000c74                I2C3_ER_IRQHandler
                0x0000000008000c74                EXTI0_IRQHandler
                0x0000000008000c74                I2C2_EV_IRQHandler
                0x0000000008000c74                CAN1_RX0_IRQHandler
                0x0000000008000c74                FPU_IRQHandler
                0x0000000008000c74                TIM1_UP_TIM16_IRQHandler
                0x0000000008000c74                SPI1_IRQHandler
                0x0000000008000c74                TIM6_DAC_IRQHandler
                0x0000000008000c74                DMA2_Channel2_IRQHandler
                0x0000000008000c74                DMA1_Channel4_IRQHandler
                0x0000000008000c74                ADC1_IRQHandler
                0x0000000008000c74                USART3_IRQHandler
                0x0000000008000c74                DMA1_Channel7_IRQHandler
                0x0000000008000c74                CAN1_RX1_IRQHandler
                0x0000000008000c74                DMA2_Channel1_IRQHandler
                0x0000000008000c74                QUADSPI_IRQHandler
                0x0000000008000c74                I2C1_EV_IRQHandler
                0x0000000008000c74                DMA1_Channel6_IRQHandler
                0x0000000008000c74                UART4_IRQHandler
                0x0000000008000c74                DMA2_Channel4_IRQHandler
                0x0000000008000c74                TIM3_IRQHandler
                0x0000000008000c74                RCC_IRQHandler
                0x0000000008000c74                TIM1_TRG_COM_IRQHandler
                0x0000000008000c74                DMA1_Channel1_IRQHandler
                0x0000000008000c74                Default_Handler
                0x0000000008000c74                DMA2_Channel7_IRQHandler
                0x0000000008000c74                EXTI15_10_IRQHandler
                0x0000000008000c74                SDMMC1_IRQHandler
                0x0000000008000c74                I2C3_EV_IRQHandler
                0x0000000008000c74                USB_IRQHandler
                0x0000000008000c74                EXTI9_5_IRQHandler
                0x0000000008000c74                RTC_WKUP_IRQHandler
                0x0000000008000c74                PVD_PVM_IRQHandler
                0x0000000008000c74                SPI2_IRQHandler
                0x0000000008000c74                CAN1_TX_IRQHandler
                0x0000000008000c74                DMA2_Channel5_IRQHandler
                0x0000000008000c74                CRS_IRQHandler
                0x0000000008000c74                DMA1_Channel5_IRQHandler
                0x0000000008000c74                EXTI4_IRQHandler
                0x0000000008000c74                RNG_IRQHandler
                0x0000000008000c74                DMA1_Channel3_IRQHandler
                0x0000000008000c74                COMP_IRQHandler
                0x0000000008000c74                WWDG_IRQHandler
                0x0000000008000c74                I2C4_EV_IRQHandler
                0x0000000008000c74                LPUART1_IRQHandler
                0x0000000008000c74                DMA2_Channel6_IRQHandler
                0x0000000008000c74                TIM2_IRQHandler
                0x0000000008000c74                EXTI1_IRQHandler
                0x0000000008000c74                USART2_IRQHandler
                0x0000000008000c74                DFSDM1_FLT0_IRQHandler
                0x0000000008000c74                I2C2_ER_IRQHandler
                0x0000000008000c74                DMA1_Channel2_IRQHandler
                0x0000000008000c74                CAN1_SCE_IRQHandler
                0x0000000008000c74                FLASH_IRQHandler
                0x0000000008000c74                USART1_IRQHandler
                0x0000000008000c74                SPI3_IRQHandler
                0x0000000008000c74                I2C1_ER_IRQHandler
                0x0000000008000c74                LPTIM1_IRQHandler
                0x0000000008000c74                I2C4_ER_IRQHandler
                0x0000000008000c74                SAI1_IRQHandler
                0x0000000008000c74                DMA2_Channel3_IRQHandler
                0x0000000008000c74                TIM1_BRK_TIM15_IRQHandler
 .text.HAL_Init
                0x0000000008000c76       0x30 Drivers/STM32L4xx_HAL_Driver/Src/stm32l4xx_hal.o
                0x0000000008000c76                HAL_Init
 *fill*         0x0000000008000ca6        0x2 
 .text.HAL_InitTick
                0x0000000008000ca8       0x74 Drivers/STM32L4xx_HAL_Driver/Src/stm32l4xx_hal.o
                0x0000000008000ca8                HAL_InitTick
 .text.HAL_IncTick
                0x0000000008000d1c       0x24 Drivers/STM32L4xx_HAL_Driver/Src/stm32l4xx_hal.o
                0x0000000008000d1c                HAL_IncTick
 .text.HAL_GetTick
                0x0000000008000d40       0x18 Drivers/STM32L4xx_HAL_Driver/Src/stm32l4xx_hal.o
                0x0000000008000d40                HAL_GetTick
 .text.HAL_Delay
                0x0000000008000d58       0x44 Drivers/STM32L4xx_HAL_Driver/Src/stm32l4xx_hal.o
                0x0000000008000d58                HAL_Delay
 .text.__NVIC_SetPriorityGrouping
                0x0000000008000d9c       0x48 Drivers/STM32L4xx_HAL_Driver/Src/stm32l4xx_hal_cortex.o
 .text.__NVIC_GetPriorityGrouping
                0x0000000008000de4       0x1c Drivers/STM32L4xx_HAL_Driver/Src/stm32l4xx_hal_cortex.o
 .text.__NVIC_SetPriority
                0x0000000008000e00       0x54 Drivers/STM32L4xx_HAL_Driver/Src/stm32l4xx_hal_cortex.o
 .text.NVIC_EncodePriority
                0x0000000008000e54       0x66 Drivers/STM32L4xx_HAL_Driver/Src/stm32l4xx_hal_cortex.o
 *fill*         0x0000000008000eba        0x2 
 .text.SysTick_Config
                0x0000000008000ebc       0x44 Drivers/STM32L4xx_HAL_Driver/Src/stm32l4xx_hal_cortex.o
 .text.HAL_NVIC_SetPriorityGrouping
                0x0000000008000f00       0x16 Drivers/STM32L4xx_HAL_Driver/Src/stm32l4xx_hal_cortex.o
                0x0000000008000f00                HAL_NVIC_SetPriorityGrouping
 .text.HAL_NVIC_SetPriority
                0x0000000008000f16       0x38 Drivers/STM32L4xx_HAL_Driver/Src/stm32l4xx_hal_cortex.o
                0x0000000008000f16                HAL_NVIC_SetPriority
 .text.HAL_SYSTICK_Config
                0x0000000008000f4e       0x18 Drivers/STM32L4xx_HAL_Driver/Src/stm32l4xx_hal_cortex.o
                0x0000000008000f4e                HAL_SYSTICK_Config
 *fill*         0x0000000008000f66        0x2 
 .text.HAL_GPIO_Init
                0x0000000008000f68      0x2f4 Drivers/STM32L4xx_HAL_Driver/Src/stm32l4xx_hal_gpio.o
                0x0000000008000f68                HAL_GPIO_Init
 .text.HAL_GPIO_WritePin
                0x000000000800125c       0x30 Drivers/STM32L4xx_HAL_Driver/Src/stm32l4xx_hal_gpio.o
                0x000000000800125c                HAL_GPIO_WritePin
 .text.HAL_PWREx_GetVoltageRange
                0x000000000800128c       0x1c Drivers/STM32L4xx_HAL_Driver/Src/stm32l4xx_hal_pwr_ex.o
                0x000000000800128c                HAL_PWREx_GetVoltageRange
 .text.HAL_PWREx_ControlVoltageScaling
                0x00000000080012a8       0xac Drivers/STM32L4xx_HAL_Driver/Src/stm32l4xx_hal_pwr_ex.o
                0x00000000080012a8                HAL_PWREx_ControlVoltageScaling
 .text.HAL_RCC_OscConfig
                0x0000000008001354      0x840 Drivers/STM32L4xx_HAL_Driver/Src/stm32l4xx_hal_rcc.o
                0x0000000008001354                HAL_RCC_OscConfig
 .text.HAL_RCC_ClockConfig
                0x0000000008001b94      0x1c4 Drivers/STM32L4xx_HAL_Driver/Src/stm32l4xx_hal_rcc.o
                0x0000000008001b94                HAL_RCC_ClockConfig
 .text.HAL_RCC_GetSysClockFreq
                0x0000000008001d58      0x114 Drivers/STM32L4xx_HAL_Driver/Src/stm32l4xx_hal_rcc.o
                0x0000000008001d58                HAL_RCC_GetSysClockFreq
 .text.RCC_SetFlashLatencyFromMSIRange
                0x0000000008001e6c       0xc0 Drivers/STM32L4xx_HAL_Driver/Src/stm32l4xx_hal_rcc.o
 .text.HAL_SPI_Init
                0x0000000008001f2c      0x114 Drivers/STM32L4xx_HAL_Driver/Src/stm32l4xx_hal_spi.o
                0x0000000008001f2c                HAL_SPI_Init
 .text.HAL_SPI_Transmit
                0x0000000008002040      0x2cc Drivers/STM32L4xx_HAL_Driver/Src/stm32l4xx_hal_spi.o
                0x0000000008002040                HAL_SPI_Transmit
 .text.HAL_SPI_GetState
                0x000000000800230c       0x1c Drivers/STM32L4xx_HAL_Driver/Src/stm32l4xx_hal_spi.o
                0x000000000800230c                HAL_SPI_GetState
 .text.SPI_WaitFlagStateUntilTimeout
                0x0000000008002328       0xd4 Drivers/STM32L4xx_HAL_Driver/Src/stm32l4xx_hal_spi.o
 .text.SPI_WaitFifoStateUntilTimeout
                0x00000000080023fc       0xda Drivers/STM32L4xx_HAL_Driver/Src/stm32l4xx_hal_spi.o
 .text.SPI_EndRxTxTransaction
                0x00000000080024d6       0x8c Drivers/STM32L4xx_HAL_Driver/Src/stm32l4xx_hal_spi.o
 *fill*         0x0000000008002562        0x2 
 .text.__libc_init_array
                0x0000000008002564       0x48 /opt/st/stm32cubeide_1.2.0/plugins/com.st.stm32cube.ide.mcu.externaltools.gnu-tools-for-stm32.7-2018-q2-update.linux64_1.0.0.201904181610/tools/bin/../lib/gcc/arm-none-eabi/7.3.1/../../../../arm-none-eabi/lib/thumb/v7e-m/fpv4-sp/hard/libc_nano.a(lib_a-init.o)
                0x0000000008002564                __libc_init_array
 .text.memset   0x00000000080025ac       0x10 /opt/st/stm32cubeide_1.2.0/plugins/com.st.stm32cube.ide.mcu.externaltools.gnu-tools-for-stm32.7-2018-q2-update.linux64_1.0.0.201904181610/tools/bin/../lib/gcc/arm-none-eabi/7.3.1/../../../../arm-none-eabi/lib/thumb/v7e-m/fpv4-sp/hard/libc_nano.a(lib_a-memset.o)
                0x00000000080025ac                memset
 *(.glue_7)
 .glue_7        0x00000000080025bc        0x0 linker stubs
 *(.glue_7t)
 .glue_7t       0x00000000080025bc        0x0 linker stubs
 *(.eh_frame)
 .eh_frame      0x00000000080025bc        0x0 /opt/st/stm32cubeide_1.2.0/plugins/com.st.stm32cube.ide.mcu.externaltools.gnu-tools-for-stm32.7-2018-q2-update.linux64_1.0.0.201904181610/tools/bin/../lib/gcc/arm-none-eabi/7.3.1/thumb/v7e-m/fpv4-sp/hard/crtbegin.o
 *(.init)
 .init          0x00000000080025bc        0x4 /opt/st/stm32cubeide_1.2.0/plugins/com.st.stm32cube.ide.mcu.externaltools.gnu-tools-for-stm32.7-2018-q2-update.linux64_1.0.0.201904181610/tools/bin/../lib/gcc/arm-none-eabi/7.3.1/thumb/v7e-m/fpv4-sp/hard/crti.o
                0x00000000080025bc                _init
 .init          0x00000000080025c0        0x8 /opt/st/stm32cubeide_1.2.0/plugins/com.st.stm32cube.ide.mcu.externaltools.gnu-tools-for-stm32.7-2018-q2-update.linux64_1.0.0.201904181610/tools/bin/../lib/gcc/arm-none-eabi/7.3.1/thumb/v7e-m/fpv4-sp/hard/crtn.o
 *(.fini)
 .fini          0x00000000080025c8        0x4 /opt/st/stm32cubeide_1.2.0/plugins/com.st.stm32cube.ide.mcu.externaltools.gnu-tools-for-stm32.7-2018-q2-update.linux64_1.0.0.201904181610/tools/bin/../lib/gcc/arm-none-eabi/7.3.1/thumb/v7e-m/fpv4-sp/hard/crti.o
                0x00000000080025c8                _fini
 .fini          0x00000000080025cc        0x8 /opt/st/stm32cubeide_1.2.0/plugins/com.st.stm32cube.ide.mcu.externaltools.gnu-tools-for-stm32.7-2018-q2-update.linux64_1.0.0.201904181610/tools/bin/../lib/gcc/arm-none-eabi/7.3.1/thumb/v7e-m/fpv4-sp/hard/crtn.o
                0x00000000080025d4                . = ALIGN (0x4)
                0x00000000080025d4                _etext = .

.vfp11_veneer   0x00000000080025d4        0x0
 .vfp11_veneer  0x00000000080025d4        0x0 linker stubs

.v4_bx          0x00000000080025d4        0x0
 .v4_bx         0x00000000080025d4        0x0 linker stubs

.iplt           0x00000000080025d4        0x0
 .iplt          0x00000000080025d4        0x0 /opt/st/stm32cubeide_1.2.0/plugins/com.st.stm32cube.ide.mcu.externaltools.gnu-tools-for-stm32.7-2018-q2-update.linux64_1.0.0.201904181610/tools/bin/../lib/gcc/arm-none-eabi/7.3.1/thumb/v7e-m/fpv4-sp/hard/crtbegin.o

.rodata         0x00000000080025d4       0x40
                0x00000000080025d4                . = ALIGN (0x4)
 *(.rodata)
 *(.rodata*)
 .rodata.AHBPrescTable
                0x00000000080025d4       0x10 Core/Src/system_stm32l4xx.o
                0x00000000080025d4                AHBPrescTable
 .rodata.MSIRangeTable
                0x00000000080025e4       0x30 Core/Src/system_stm32l4xx.o
                0x00000000080025e4                MSIRangeTable
                0x0000000008002614                . = ALIGN (0x4)

.rel.dyn        0x0000000008002614        0x0
 .rel.iplt      0x0000000008002614        0x0 /opt/st/stm32cubeide_1.2.0/plugins/com.st.stm32cube.ide.mcu.externaltools.gnu-tools-for-stm32.7-2018-q2-update.linux64_1.0.0.201904181610/tools/bin/../lib/gcc/arm-none-eabi/7.3.1/thumb/v7e-m/fpv4-sp/hard/crtbegin.o

.ARM.extab      0x0000000008002614        0x0
                0x0000000008002614                . = ALIGN (0x4)
 *(.ARM.extab* .gnu.linkonce.armextab.*)
                0x0000000008002614                . = ALIGN (0x4)

.ARM            0x0000000008002614        0x0
                0x0000000008002614                . = ALIGN (0x4)
                0x0000000008002614                __exidx_start = .
 *(.ARM.exidx*)
                0x0000000008002614                __exidx_end = .
                0x0000000008002614                . = ALIGN (0x4)

.preinit_array  0x0000000008002614        0x0
                0x0000000008002614                . = ALIGN (0x4)
                0x0000000008002614                PROVIDE (__preinit_array_start = .)
 *(.preinit_array*)
                0x0000000008002614                PROVIDE (__preinit_array_end = .)
                0x0000000008002614                . = ALIGN (0x4)

.init_array     0x0000000008002614        0x4
                0x0000000008002614                . = ALIGN (0x4)
                0x0000000008002614                PROVIDE (__init_array_start = .)
 *(SORT_BY_NAME(.init_array.*))
 *(.init_array*)
 .init_array    0x0000000008002614        0x4 /opt/st/stm32cubeide_1.2.0/plugins/com.st.stm32cube.ide.mcu.externaltools.gnu-tools-for-stm32.7-2018-q2-update.linux64_1.0.0.201904181610/tools/bin/../lib/gcc/arm-none-eabi/7.3.1/thumb/v7e-m/fpv4-sp/hard/crtbegin.o
                0x0000000008002618                PROVIDE (__init_array_end = .)
                0x0000000008002618                . = ALIGN (0x4)

.fini_array     0x0000000008002618        0x4
                0x0000000008002618                . = ALIGN (0x4)
                [!provide]                        PROVIDE (__fini_array_start = .)
 *(SORT_BY_NAME(.fini_array.*))
 *(.fini_array*)
 .fini_array    0x0000000008002618        0x4 /opt/st/stm32cubeide_1.2.0/plugins/com.st.stm32cube.ide.mcu.externaltools.gnu-tools-for-stm32.7-2018-q2-update.linux64_1.0.0.201904181610/tools/bin/../lib/gcc/arm-none-eabi/7.3.1/thumb/v7e-m/fpv4-sp/hard/crtbegin.o
                [!provide]                        PROVIDE (__fini_array_end = .)
                0x000000000800261c                . = ALIGN (0x4)
                0x000000000800261c                _sidata = LOADADDR (.data)

.data           0x0000000020000000       0x10 load address 0x000000000800261c
                0x0000000020000000                . = ALIGN (0x4)
                0x0000000020000000                _sdata = .
 *(.data)
 *(.data*)
 .data.BackColor
                0x0000000020000000        0x4 Core/Lcd/lcd.o
 .data.SystemCoreClock
                0x0000000020000004        0x4 Core/Src/system_stm32l4xx.o
                0x0000000020000004                SystemCoreClock
 .data.uwTickPrio
                0x0000000020000008        0x4 Drivers/STM32L4xx_HAL_Driver/Src/stm32l4xx_hal.o
                0x0000000020000008                uwTickPrio
 .data.uwTickFreq
                0x000000002000000c        0x4 Drivers/STM32L4xx_HAL_Driver/Src/stm32l4xx_hal.o
                0x000000002000000c                uwTickFreq
                0x0000000020000010                . = ALIGN (0x4)
                0x0000000020000010                _edata = .

.igot.plt       0x0000000020000010        0x0 load address 0x000000000800262c
 .igot.plt      0x0000000020000010        0x0 /opt/st/stm32cubeide_1.2.0/plugins/com.st.stm32cube.ide.mcu.externaltools.gnu-tools-for-stm32.7-2018-q2-update.linux64_1.0.0.201904181610/tools/bin/../lib/gcc/arm-none-eabi/7.3.1/thumb/v7e-m/fpv4-sp/hard/crtbegin.o
                0x0000000020000010                . = ALIGN (0x4)

.bss            0x0000000020000010       0x88 load address 0x000000000800262c
                0x0000000020000010                _sbss = .
                0x0000000020000010                __bss_start__ = _sbss
 *(.bss)
 .bss           0x0000000020000010       0x1c /opt/st/stm32cubeide_1.2.0/plugins/com.st.stm32cube.ide.mcu.externaltools.gnu-tools-for-stm32.7-2018-q2-update.linux64_1.0.0.201904181610/tools/bin/../lib/gcc/arm-none-eabi/7.3.1/thumb/v7e-m/fpv4-sp/hard/crtbegin.o
 *(.bss*)
 .bss.TextColor
                0x000000002000002c        0x4 Core/Lcd/lcd.o
 *(COMMON)
 COMMON         0x0000000020000030       0x64 Core/Lcd/lcd.o
                0x0000000020000030                hspi2
 COMMON         0x0000000020000094        0x4 Drivers/STM32L4xx_HAL_Driver/Src/stm32l4xx_hal.o
                0x0000000020000094                uwTick
                0x0000000020000098                . = ALIGN (0x4)
                0x0000000020000098                _ebss = .
                0x0000000020000098                __bss_end__ = _ebss

._user_heap_stack
                0x0000000020000098      0x600 load address 0x000000000800262c
                0x0000000020000098                . = ALIGN (0x8)
                0x0000000020000098                PROVIDE (end = .)
                [!provide]                        PROVIDE (_end = .)
                0x0000000020000298                . = (. + _Min_Heap_Size)
 *fill*         0x0000000020000098      0x200 
                0x0000000020000698                . = (. + _Min_Stack_Size)
 *fill*         0x0000000020000298      0x400 
                0x0000000020000698                . = ALIGN (0x8)

/DISCARD/
 libc.a(*)
 libm.a(*)
 libgcc.a(*)

.ARM.attributes
                0x0000000000000000       0x30
 *(.ARM.attributes)
 .ARM.attributes
                0x0000000000000000       0x22 /opt/st/stm32cubeide_1.2.0/plugins/com.st.stm32cube.ide.mcu.externaltools.gnu-tools-for-stm32.7-2018-q2-update.linux64_1.0.0.201904181610/tools/bin/../lib/gcc/arm-none-eabi/7.3.1/thumb/v7e-m/fpv4-sp/hard/crti.o
 .ARM.attributes
                0x0000000000000022       0x34 /opt/st/stm32cubeide_1.2.0/plugins/com.st.stm32cube.ide.mcu.externaltools.gnu-tools-for-stm32.7-2018-q2-update.linux64_1.0.0.201904181610/tools/bin/../lib/gcc/arm-none-eabi/7.3.1/thumb/v7e-m/fpv4-sp/hard/crtbegin.o
 .ARM.attributes
                0x0000000000000056       0x39 Core/Lcd/lcd.o
 .ARM.attributes
                0x000000000000008f       0x39 Core/Src/main.o
 .ARM.attributes
                0x00000000000000c8       0x39 Core/Src/stm32l4xx_hal_msp.o
 .ARM.attributes
                0x0000000000000101       0x39 Core/Src/stm32l4xx_it.o
 .ARM.attributes
                0x000000000000013a       0x39 Core/Src/system_stm32l4xx.o
 .ARM.attributes
                0x0000000000000173       0x21 Core/Startup/startup_stm32l452retx.o
 .ARM.attributes
                0x0000000000000194       0x39 Drivers/STM32L4xx_HAL_Driver/Src/stm32l4xx_hal.o
 .ARM.attributes
                0x00000000000001cd       0x39 Drivers/STM32L4xx_HAL_Driver/Src/stm32l4xx_hal_cortex.o
 .ARM.attributes
                0x0000000000000206       0x39 Drivers/STM32L4xx_HAL_Driver/Src/stm32l4xx_hal_gpio.o
 .ARM.attributes
                0x000000000000023f       0x39 Drivers/STM32L4xx_HAL_Driver/Src/stm32l4xx_hal_pwr_ex.o
 .ARM.attributes
                0x0000000000000278       0x39 Drivers/STM32L4xx_HAL_Driver/Src/stm32l4xx_hal_rcc.o
 .ARM.attributes
                0x00000000000002b1       0x39 Drivers/STM32L4xx_HAL_Driver/Src/stm32l4xx_hal_spi.o
 .ARM.attributes
                0x00000000000002ea       0x34 /opt/st/stm32cubeide_1.2.0/plugins/com.st.stm32cube.ide.mcu.externaltools.gnu-tools-for-stm32.7-2018-q2-update.linux64_1.0.0.201904181610/tools/bin/../lib/gcc/arm-none-eabi/7.3.1/../../../../arm-none-eabi/lib/thumb/v7e-m/fpv4-sp/hard/libc_nano.a(lib_a-init.o)
 .ARM.attributes
                0x000000000000031e       0x34 /opt/st/stm32cubeide_1.2.0/plugins/com.st.stm32cube.ide.mcu.externaltools.gnu-tools-for-stm32.7-2018-q2-update.linux64_1.0.0.201904181610/tools/bin/../lib/gcc/arm-none-eabi/7.3.1/../../../../arm-none-eabi/lib/thumb/v7e-m/fpv4-sp/hard/libc_nano.a(lib_a-memset.o)
 .ARM.attributes
                0x0000000000000352       0x22 /opt/st/stm32cubeide_1.2.0/plugins/com.st.stm32cube.ide.mcu.externaltools.gnu-tools-for-stm32.7-2018-q2-update.linux64_1.0.0.201904181610/tools/bin/../lib/gcc/arm-none-eabi/7.3.1/thumb/v7e-m/fpv4-sp/hard/crtn.o
OUTPUT(TFT_LCD_240x320.elf elf32-littlearm)

.debug_info     0x0000000000000000     0x7e9a
 .debug_info    0x0000000000000000      0xa00 Core/Lcd/lcd.o
 .debug_info    0x0000000000000a00      0xcb0 Core/Src/main.o
 .debug_info    0x00000000000016b0      0xb05 Core/Src/stm32l4xx_hal_msp.o
 .debug_info    0x00000000000021b5      0x318 Core/Src/stm32l4xx_it.o
 .debug_info    0x00000000000024cd      0x710 Core/Src/system_stm32l4xx.o
 .debug_info    0x0000000000002bdd       0x22 Core/Startup/startup_stm32l452retx.o
 .debug_info    0x0000000000002bff      0xbb2 Drivers/STM32L4xx_HAL_Driver/Src/stm32l4xx_hal.o
 .debug_info    0x00000000000037b1      0xef4 Drivers/STM32L4xx_HAL_Driver/Src/stm32l4xx_hal_cortex.o
 .debug_info    0x00000000000046a5      0x98f Drivers/STM32L4xx_HAL_Driver/Src/stm32l4xx_hal_gpio.o
 .debug_info    0x0000000000005034      0xaaa Drivers/STM32L4xx_HAL_Driver/Src/stm32l4xx_hal_pwr_ex.o
 .debug_info    0x0000000000005ade      0xcba Drivers/STM32L4xx_HAL_Driver/Src/stm32l4xx_hal_rcc.o
 .debug_info    0x0000000000006798     0x1702 Drivers/STM32L4xx_HAL_Driver/Src/stm32l4xx_hal_spi.o

.debug_abbrev   0x0000000000000000     0x1454
 .debug_abbrev  0x0000000000000000      0x1c1 Core/Lcd/lcd.o
 .debug_abbrev  0x00000000000001c1      0x1d6 Core/Src/main.o
 .debug_abbrev  0x0000000000000397      0x18c Core/Src/stm32l4xx_hal_msp.o
 .debug_abbrev  0x0000000000000523       0xe2 Core/Src/stm32l4xx_it.o
 .debug_abbrev  0x0000000000000605      0x150 Core/Src/system_stm32l4xx.o
 .debug_abbrev  0x0000000000000755       0x12 Core/Startup/startup_stm32l452retx.o
 .debug_abbrev  0x0000000000000767      0x1fb Drivers/STM32L4xx_HAL_Driver/Src/stm32l4xx_hal.o
 .debug_abbrev  0x0000000000000962      0x2fa Drivers/STM32L4xx_HAL_Driver/Src/stm32l4xx_hal_cortex.o
 .debug_abbrev  0x0000000000000c5c      0x1c0 Drivers/STM32L4xx_HAL_Driver/Src/stm32l4xx_hal_gpio.o
 .debug_abbrev  0x0000000000000e1c      0x1cb Drivers/STM32L4xx_HAL_Driver/Src/stm32l4xx_hal_pwr_ex.o
 .debug_abbrev  0x0000000000000fe7      0x245 Drivers/STM32L4xx_HAL_Driver/Src/stm32l4xx_hal_rcc.o
 .debug_abbrev  0x000000000000122c      0x228 Drivers/STM32L4xx_HAL_Driver/Src/stm32l4xx_hal_spi.o

.debug_aranges  0x0000000000000000      0x7b8
 .debug_aranges
                0x0000000000000000       0x70 Core/Lcd/lcd.o
 .debug_aranges
                0x0000000000000070       0x40 Core/Src/main.o
 .debug_aranges
                0x00000000000000b0       0x30 Core/Src/stm32l4xx_hal_msp.o
 .debug_aranges
                0x00000000000000e0       0x60 Core/Src/stm32l4xx_it.o
 .debug_aranges
                0x0000000000000140       0x28 Core/Src/system_stm32l4xx.o
 .debug_aranges
                0x0000000000000168       0x28 Core/Startup/startup_stm32l452retx.o
 .debug_aranges
                0x0000000000000190      0x130 Drivers/STM32L4xx_HAL_Driver/Src/stm32l4xx_hal.o
 .debug_aranges
                0x00000000000002c0      0x118 Drivers/STM32L4xx_HAL_Driver/Src/stm32l4xx_hal_cortex.o
 .debug_aranges
                0x00000000000003d8       0x58 Drivers/STM32L4xx_HAL_Driver/Src/stm32l4xx_hal_gpio.o
 .debug_aranges
                0x0000000000000430      0x128 Drivers/STM32L4xx_HAL_Driver/Src/stm32l4xx_hal_pwr_ex.o
 .debug_aranges
                0x0000000000000558       0x88 Drivers/STM32L4xx_HAL_Driver/Src/stm32l4xx_hal_rcc.o
 .debug_aranges
                0x00000000000005e0      0x1d8 Drivers/STM32L4xx_HAL_Driver/Src/stm32l4xx_hal_spi.o

.debug_ranges   0x0000000000000000      0x700
 .debug_ranges  0x0000000000000000       0x60 Core/Lcd/lcd.o
 .debug_ranges  0x0000000000000060       0x30 Core/Src/main.o
 .debug_ranges  0x0000000000000090       0x20 Core/Src/stm32l4xx_hal_msp.o
 .debug_ranges  0x00000000000000b0       0x50 Core/Src/stm32l4xx_it.o
 .debug_ranges  0x0000000000000100       0x18 Core/Src/system_stm32l4xx.o
 .debug_ranges  0x0000000000000118       0x20 Core/Startup/startup_stm32l452retx.o
 .debug_ranges  0x0000000000000138      0x120 Drivers/STM32L4xx_HAL_Driver/Src/stm32l4xx_hal.o
 .debug_ranges  0x0000000000000258      0x108 Drivers/STM32L4xx_HAL_Driver/Src/stm32l4xx_hal_cortex.o
 .debug_ranges  0x0000000000000360       0x48 Drivers/STM32L4xx_HAL_Driver/Src/stm32l4xx_hal_gpio.o
 .debug_ranges  0x00000000000003a8      0x118 Drivers/STM32L4xx_HAL_Driver/Src/stm32l4xx_hal_pwr_ex.o
 .debug_ranges  0x00000000000004c0       0x78 Drivers/STM32L4xx_HAL_Driver/Src/stm32l4xx_hal_rcc.o
 .debug_ranges  0x0000000000000538      0x1c8 Drivers/STM32L4xx_HAL_Driver/Src/stm32l4xx_hal_spi.o

.debug_macro    0x0000000000000000    0x20c03
 .debug_macro   0x0000000000000000      0x200 Core/Lcd/lcd.o
 .debug_macro   0x0000000000000200      0xa5a Core/Lcd/lcd.o
 .debug_macro   0x0000000000000c5a       0xba Core/Lcd/lcd.o
 .debug_macro   0x0000000000000d14       0x2e Core/Lcd/lcd.o
 .debug_macro   0x0000000000000d42       0x28 Core/Lcd/lcd.o
 .debug_macro   0x0000000000000d6a       0x22 Core/Lcd/lcd.o
 .debug_macro   0x0000000000000d8c       0x8e Core/Lcd/lcd.o
 .debug_macro   0x0000000000000e1a       0x51 Core/Lcd/lcd.o
 .debug_macro   0x0000000000000e6b       0xef Core/Lcd/lcd.o
 .debug_macro   0x0000000000000f5a       0x6a Core/Lcd/lcd.o
 .debug_macro   0x0000000000000fc4      0x1df Core/Lcd/lcd.o
 .debug_macro   0x00000000000011a3       0x1c Core/Lcd/lcd.o
 .debug_macro   0x00000000000011bf       0x22 Core/Lcd/lcd.o
 .debug_macro   0x00000000000011e1       0xdf Core/Lcd/lcd.o
 .debug_macro   0x00000000000012c0     0x102d Core/Lcd/lcd.o
 .debug_macro   0x00000000000022ed      0x11f Core/Lcd/lcd.o
 .debug_macro   0x000000000000240c    0x16305 Core/Lcd/lcd.o
 .debug_macro   0x0000000000018711       0x43 Core/Lcd/lcd.o
 .debug_macro   0x0000000000018754     0x3890 Core/Lcd/lcd.o
 .debug_macro   0x000000000001bfe4      0x174 Core/Lcd/lcd.o
 .debug_macro   0x000000000001c158       0x5c Core/Lcd/lcd.o
 .debug_macro   0x000000000001c1b4     0x13bb Core/Lcd/lcd.o
 .debug_macro   0x000000000001d56f      0x63f Core/Lcd/lcd.o
 .debug_macro   0x000000000001dbae      0x241 Core/Lcd/lcd.o
 .debug_macro   0x000000000001ddef      0x13d Core/Lcd/lcd.o
 .debug_macro   0x000000000001df2c      0x168 Core/Lcd/lcd.o
 .debug_macro   0x000000000001e094      0x26b Core/Lcd/lcd.o
 .debug_macro   0x000000000001e2ff      0x23d Core/Lcd/lcd.o
 .debug_macro   0x000000000001e53c      0x375 Core/Lcd/lcd.o
 .debug_macro   0x000000000001e8b1       0xd6 Core/Lcd/lcd.o
 .debug_macro   0x000000000001e987      0x22c Core/Lcd/lcd.o
 .debug_macro   0x000000000001ebb3       0x5e Core/Lcd/lcd.o
 .debug_macro   0x000000000001ec11       0xa5 Core/Lcd/lcd.o
 .debug_macro   0x000000000001ecb6      0x122 Core/Lcd/lcd.o
 .debug_macro   0x000000000001edd8      0x365 Core/Lcd/lcd.o
 .debug_macro   0x000000000001f13d      0x2fe Core/Lcd/lcd.o
 .debug_macro   0x000000000001f43b      0x305 Core/Lcd/lcd.o
 .debug_macro   0x000000000001f740       0x58 Core/Lcd/lcd.o
 .debug_macro   0x000000000001f798       0x64 Core/Lcd/lcd.o
 .debug_macro   0x000000000001f7fc      0x1ee Core/Src/main.o
 .debug_macro   0x000000000001f9ea       0x6a Core/Src/main.o
 .debug_macro   0x000000000001fa54      0x1e5 Core/Src/stm32l4xx_hal_msp.o
 .debug_macro   0x000000000001fc39      0x1ef Core/Src/stm32l4xx_it.o
 .debug_macro   0x000000000001fe28      0x1dc Core/Src/system_stm32l4xx.o
 .debug_macro   0x0000000000020004      0x224 Drivers/STM32L4xx_HAL_Driver/Src/stm32l4xx_hal.o
 .debug_macro   0x0000000000020228      0x1d6 Drivers/STM32L4xx_HAL_Driver/Src/stm32l4xx_hal_cortex.o
 .debug_macro   0x00000000000203fe      0x215 Drivers/STM32L4xx_HAL_Driver/Src/stm32l4xx_hal_gpio.o
 .debug_macro   0x0000000000020613      0x1fa Drivers/STM32L4xx_HAL_Driver/Src/stm32l4xx_hal_pwr_ex.o
 .debug_macro   0x000000000002080d      0x218 Drivers/STM32L4xx_HAL_Driver/Src/stm32l4xx_hal_rcc.o
 .debug_macro   0x0000000000020a25      0x1de Drivers/STM32L4xx_HAL_Driver/Src/stm32l4xx_hal_spi.o

.debug_line     0x0000000000000000     0x65fa
 .debug_line    0x0000000000000000      0x828 Core/Lcd/lcd.o
 .debug_line    0x0000000000000828      0x7a8 Core/Src/main.o
 .debug_line    0x0000000000000fd0      0x6ed Core/Src/stm32l4xx_hal_msp.o
 .debug_line    0x00000000000016bd      0x75a Core/Src/stm32l4xx_it.o
 .debug_line    0x0000000000001e17      0x6e1 Core/Src/system_stm32l4xx.o
 .debug_line    0x00000000000024f8       0x85 Core/Startup/startup_stm32l452retx.o
 .debug_line    0x000000000000257d      0x954 Drivers/STM32L4xx_HAL_Driver/Src/stm32l4xx_hal.o
 .debug_line    0x0000000000002ed1      0x9dd Drivers/STM32L4xx_HAL_Driver/Src/stm32l4xx_hal_cortex.o
 .debug_line    0x00000000000038ae      0x848 Drivers/STM32L4xx_HAL_Driver/Src/stm32l4xx_hal_gpio.o
 .debug_line    0x00000000000040f6      0x9f8 Drivers/STM32L4xx_HAL_Driver/Src/stm32l4xx_hal_pwr_ex.o
 .debug_line    0x0000000000004aee      0x9dc Drivers/STM32L4xx_HAL_Driver/Src/stm32l4xx_hal_rcc.o
 .debug_line    0x00000000000054ca     0x1130 Drivers/STM32L4xx_HAL_Driver/Src/stm32l4xx_hal_spi.o

.debug_str      0x0000000000000000    0xc7619
 .debug_str     0x0000000000000000    0xc541c Core/Lcd/lcd.o
                                      0xc573a (size before relaxing)
 .debug_str     0x00000000000c541c      0x33f Core/Src/main.o
                                      0xc5978 (size before relaxing)
 .debug_str     0x00000000000c575b       0x53 Core/Src/stm32l4xx_hal_msp.o
                                      0xc56b8 (size before relaxing)
 .debug_str     0x00000000000c57ae       0xbd Core/Src/stm32l4xx_it.o
                                      0xc51bb (size before relaxing)
 .debug_str     0x00000000000c586b       0xcd Core/Src/system_stm32l4xx.o
                                      0xc51f4 (size before relaxing)
 .debug_str     0x00000000000c5938       0x36 Core/Startup/startup_stm32l452retx.o
                                         0x74 (size before relaxing)
 .debug_str     0x00000000000c596e      0x978 Drivers/STM32L4xx_HAL_Driver/Src/stm32l4xx_hal.o
                                      0xc5c2c (size before relaxing)
 .debug_str     0x00000000000c62e6      0x392 Drivers/STM32L4xx_HAL_Driver/Src/stm32l4xx_hal_cortex.o
                                      0xc599e (size before relaxing)
 .debug_str     0x00000000000c6678      0x23b Drivers/STM32L4xx_HAL_Driver/Src/stm32l4xx_hal_gpio.o
                                      0xc546e (size before relaxing)
 .debug_str     0x00000000000c68b3      0x45a Drivers/STM32L4xx_HAL_Driver/Src/stm32l4xx_hal_pwr_ex.o
                                      0xc5690 (size before relaxing)
 .debug_str     0x00000000000c6d0d      0x395 Drivers/STM32L4xx_HAL_Driver/Src/stm32l4xx_hal_rcc.o
                                      0xc5770 (size before relaxing)
 .debug_str     0x00000000000c70a2      0x577 Drivers/STM32L4xx_HAL_Driver/Src/stm32l4xx_hal_spi.o
                                      0xc597c (size before relaxing)

.comment        0x0000000000000000       0x7b
 .comment       0x0000000000000000       0x7b Core/Lcd/lcd.o
                                         0x7c (size before relaxing)
 .comment       0x000000000000007b       0x7c Core/Src/main.o
 .comment       0x000000000000007b       0x7c Core/Src/stm32l4xx_hal_msp.o
 .comment       0x000000000000007b       0x7c Core/Src/stm32l4xx_it.o
 .comment       0x000000000000007b       0x7c Core/Src/system_stm32l4xx.o
 .comment       0x000000000000007b       0x7c Drivers/STM32L4xx_HAL_Driver/Src/stm32l4xx_hal.o
 .comment       0x000000000000007b       0x7c Drivers/STM32L4xx_HAL_Driver/Src/stm32l4xx_hal_cortex.o
 .comment       0x000000000000007b       0x7c Drivers/STM32L4xx_HAL_Driver/Src/stm32l4xx_hal_gpio.o
 .comment       0x000000000000007b       0x7c Drivers/STM32L4xx_HAL_Driver/Src/stm32l4xx_hal_pwr_ex.o
 .comment       0x000000000000007b       0x7c Drivers/STM32L4xx_HAL_Driver/Src/stm32l4xx_hal_rcc.o
 .comment       0x000000000000007b       0x7c Drivers/STM32L4xx_HAL_Driver/Src/stm32l4xx_hal_spi.o

.debug_frame    0x0000000000000000     0x1dec
 .debug_frame   0x0000000000000000      0x194 Core/Lcd/lcd.o
 .debug_frame   0x0000000000000194       0xb4 Core/Src/main.o
 .debug_frame   0x0000000000000248       0x80 Core/Src/stm32l4xx_hal_msp.o
 .debug_frame   0x00000000000002c8      0x10c Core/Src/stm32l4xx_it.o
 .debug_frame   0x00000000000003d4       0x58 Core/Src/system_stm32l4xx.o
 .debug_frame   0x000000000000042c      0x498 Drivers/STM32L4xx_HAL_Driver/Src/stm32l4xx_hal.o
 .debug_frame   0x00000000000008c4      0x498 Drivers/STM32L4xx_HAL_Driver/Src/stm32l4xx_hal_cortex.o
 .debug_frame   0x0000000000000d5c      0x14c Drivers/STM32L4xx_HAL_Driver/Src/stm32l4xx_hal_gpio.o
 .debug_frame   0x0000000000000ea8      0x4a4 Drivers/STM32L4xx_HAL_Driver/Src/stm32l4xx_hal_pwr_ex.o
 .debug_frame   0x000000000000134c      0x1f4 Drivers/STM32L4xx_HAL_Driver/Src/stm32l4xx_hal_rcc.o
 .debug_frame   0x0000000000001540      0x860 Drivers/STM32L4xx_HAL_Driver/Src/stm32l4xx_hal_spi.o
 .debug_frame   0x0000000000001da0       0x2c /opt/st/stm32cubeide_1.2.0/plugins/com.st.stm32cube.ide.mcu.externaltools.gnu-tools-for-stm32.7-2018-q2-update.linux64_1.0.0.201904181610/tools/bin/../lib/gcc/arm-none-eabi/7.3.1/../../../../arm-none-eabi/lib/thumb/v7e-m/fpv4-sp/hard/libc_nano.a(lib_a-init.o)
 .debug_frame   0x0000000000001dcc       0x20 /opt/st/stm32cubeide_1.2.0/plugins/com.st.stm32cube.ide.mcu.externaltools.gnu-tools-for-stm32.7-2018-q2-update.linux64_1.0.0.201904181610/tools/bin/../lib/gcc/arm-none-eabi/7.3.1/../../../../arm-none-eabi/lib/thumb/v7e-m/fpv4-sp/hard/libc_nano.a(lib_a-memset.o)
