lv_font.h:124:23:lv_font_get_line_height	16	static
lv_area.h:86:26:lv_area_get_width	16	static
lv_area.h:96:26:lv_area_get_height	16	static
lv_label.h:201:20:lv_label_set_style	24	static
lv_label.h:299:34:lv_label_get_style	16	static
lv_label.c:74:12:lv_label_create	40	static
lv_label.c:175:6:lv_label_set_text	32	static
lv_label.c:222:6:lv_label_set_text_fmt	36	static
lv_label.c:272:6:lv_label_set_array_text	40	static
lv_label.c:308:6:lv_label_set_static_text	32	static
lv_label.c:333:6:lv_label_set_long_mode	32	static
lv_label.c:368:6:lv_label_set_align	32	static
lv_label.c:386:6:lv_label_set_recolor	32	static
lv_label.c:404:6:lv_label_set_body_draw	32	static
lv_label.c:423:6:lv_label_set_anim_speed	32	static
lv_label.c:442:6:lv_label_set_text_sel_start	24	static
lv_label.c:456:6:lv_label_set_text_sel_end	24	static
lv_label.c:479:8:lv_label_get_text	32	static
lv_label.c:493:22:lv_label_get_long_mode	32	static
lv_label.c:506:18:lv_label_get_align	32	static
lv_label.c:534:6:lv_label_get_recolor	32	static
lv_label.c:547:6:lv_label_get_body_draw	32	static
lv_label.c:560:10:lv_label_get_anim_speed	32	static
lv_label.c:580:6:lv_label_get_letter_pos	88	static
lv_label.c:679:10:lv_label_get_letter_on	104	static
lv_label.c:800:10:lv_label_get_text_sel_start	24	static
lv_label.c:819:10:lv_label_get_text_sel_end	24	static
lv_label.c:838:6:lv_label_is_char_under_pos	104	static
lv_label.c:936:6:lv_label_ins_text	48	static
lv_label.c:971:6:lv_label_cut_text	40	static
lv_label.c:1004:13:lv_label_design	120	static
lv_label.c:1105:17:lv_label_signal	48	static
lv_label.c:1162:13:lv_label_refr_text	136	static
lv_label.c:1344:13:lv_label_revert_dots	40	static
lv_label.c:1366:13:lv_label_set_offset_x	24	static
lv_label.c:1373:13:lv_label_set_offset_y	24	static
lv_label.c:1388:13:lv_label_set_dot_tmp	32	static
lv_label.c:1416:15:lv_label_get_dot_tmp	24	static
lv_label.c:1431:13:lv_label_dot_tmp_free	24	static
