lv_font.h:124:23:lv_font_get_line_height	16	static
lv_area.h:86:26:lv_area_get_width	16	static
lv_area.h:96:26:lv_area_get_height	16	static
lv_cont.h:121:20:lv_cont_set_fit2	24	static
lv_cont.h:143:20:lv_cont_set_style	24	static
lv_tabview.c:71:12:lv_tabview_create	64	static
lv_tabview.c:206:6:lv_tabview_clean	32	static
lv_tabview.c:224:12:lv_tabview_add_tab	56	static
lv_tabview.c:347:6:lv_tabview_set_tab_act	88	static
lv_tabview.c:481:6:lv_tabview_set_sliding	32	static
lv_tabview.c:494:6:lv_tabview_set_anim_time	32	static
lv_tabview.c:513:6:lv_tabview_set_style	40	static
lv_tabview.c:552:6:lv_tabview_set_btns_pos	32	static
lv_tabview.c:567:6:lv_tabview_set_btns_hidden	32	static
lv_tabview.c:586:10:lv_tabview_get_tab_act	32	static
lv_tabview.c:599:10:lv_tabview_get_tab_count	32	static
lv_tabview.c:613:12:lv_tabview_get_tab	40	static
lv_tabview.c:636:6:lv_tabview_get_sliding	32	static
lv_tabview.c:649:10:lv_tabview_get_anim_time	32	static
lv_tabview.c:668:20:lv_tabview_get_style	32	static
lv_tabview.c:692:23:lv_tabview_get_btns_pos	32	static
lv_tabview.c:705:6:lv_tabview_get_btns_hidden	32	static
lv_tabview.c:725:17:lv_tabview_signal	56	static
lv_tabview.c:800:17:tabpage_signal	40	static
lv_tabview.c:831:17:tabpage_scrl_signal	40	static
lv_tabview.c:862:13:tabpage_pressed_handler	24	static
lv_tabview.c:876:13:tabpage_pressing_handler	64	static
lv_tabview.c:951:13:tabpage_press_lost_handler	56	static
lv_tabview.c:1003:13:tab_btnm_event_cb	32	static
lv_tabview.c:1029:13:tabview_realign	56	static
