lv_font.h:124:23:lv_font_get_line_height	16	static
lv_area.h:76:20:lv_area_copy	16	static
lv_area.h:86:26:lv_area_get_width	16	static
lv_area.h:96:26:lv_area_get_height	16	static
lv_cont.h:121:20:lv_cont_set_fit2	24	static
lv_page.h:188:20:lv_page_set_scrl_fit2	16	static
lv_label.h:201:20:lv_label_set_style	24	static
lv_label.h:299:34:lv_label_get_style	16	static
lv_ta.h:239:20:lv_ta_set_sb_mode	16	static
lv_ta.h:260:20:lv_ta_set_edge_flash	16	static
lv_ta.h:393:20:lv_ta_get_edge_flash	16	static
lv_ta.c:84:12:lv_ta_create	80	static
lv_ta.c:227:6:lv_ta_add_char	80	static
lv_ta.c:317:6:lv_ta_add_text	80	static
lv_ta.c:399:6:lv_ta_del_char	48	static
lv_ta.c:455:6:lv_ta_del_char_forward	32	static
lv_ta.c:473:6:lv_ta_set_text	80	static
lv_ta.c:543:6:lv_ta_set_placeholder_text	32	static
lv_ta.c:576:6:lv_ta_set_cursor_pos	104	static
lv_ta.c:654:6:lv_ta_set_cursor_type	32	static
lv_ta.c:671:6:lv_ta_set_cursor_click_pos	32	static
lv_ta.c:684:6:lv_ta_set_pwd_mode	48	static
lv_ta.c:730:6:lv_ta_set_one_line	56	static
lv_ta.c:775:6:lv_ta_set_text_align	32	static
lv_ta.c:812:6:lv_ta_set_accepted_chars	32	static
lv_ta.c:826:6:lv_ta_set_max_length	32	static
lv_ta.c:843:6:lv_ta_set_insert_replace	24	static
lv_ta.c:857:6:lv_ta_set_style	40	static
lv_ta.c:883:6:lv_ta_set_text_sel	24	static
lv_ta.c:904:6:lv_ta_set_pwd_show_time	32	static
lv_ta.c:921:6:lv_ta_set_cursor_blink_time	64	static
lv_ta.c:967:14:lv_ta_get_text	32	static
lv_ta.c:988:14:lv_ta_get_placeholder_text	32	static
lv_ta.c:1006:12:lv_ta_get_label	32	static
lv_ta.c:1019:10:lv_ta_get_cursor_pos	32	static
lv_ta.c:1032:18:lv_ta_get_cursor_type	32	static
lv_ta.c:1045:6:lv_ta_get_cursor_click_pos	32	static
lv_ta.c:1058:6:lv_ta_get_pwd_mode	32	static
lv_ta.c:1071:6:lv_ta_get_one_line	32	static
lv_ta.c:1084:14:lv_ta_get_accepted_chars	32	static
lv_ta.c:1098:10:lv_ta_get_max_length	32	static
lv_ta.c:1112:20:lv_ta_get_style	32	static
lv_ta.c:1138:6:lv_ta_text_is_selected	24	static
lv_ta.c:1162:6:lv_ta_get_text_sel_en	24	static
lv_ta.c:1180:10:lv_ta_get_pwd_show_time	32	static
lv_ta.c:1194:10:lv_ta_get_cursor_blink_time	32	static
lv_ta.c:1210:6:lv_ta_clear_selection	24	static
lv_ta.c:1231:6:lv_ta_cursor_right	32	static
lv_ta.c:1244:6:lv_ta_cursor_left	32	static
lv_ta.c:1259:6:lv_ta_cursor_down	48	static
lv_ta.c:1291:6:lv_ta_cursor_up	48	static
lv_ta.c:1329:13:lv_ta_design	24	static
lv_ta.c:1354:13:lv_ta_scrollable_design	152	static
lv_ta.c:1420:17:lv_ta_signal	96	static
lv_ta.c:1545:17:lv_ta_scrollable_signal	56	static
lv_ta.c:1591:13:cursor_blink_anim	32	static
lv_ta.c:1615:13:pwd_char_hider_anim	16	static
lv_ta.c:1625:13:pwd_char_hider_anim_ready	24	static
lv_ta.c:1636:13:pwd_char_hider	32	static
lv_ta.c:1661:13:char_is_accepted	40	static
lv_ta.c:1688:13:get_cursor_style	32	static
lv_ta.c:1717:13:refr_cursor_area	136	static
lv_ta.c:1816:13:placeholder_update	40	static
lv_ta.c:1839:13:update_cursor_position_on_click	56	static
