lv_area.h:86:26:lv_area_get_width	16	static
lv_area.h:96:26:lv_area_get_height	16	static
lv_page.h:229:20:lv_page_set_scrl_layout	16	static
lv_page.h:306:27:lv_page_get_scrl_layout	16	static
lv_win.c:50:12:lv_win_create	56	static
lv_win.c:161:6:lv_win_clean	32	static
lv_win.c:179:12:lv_win_add_btn	40	static
lv_win.c:209:6:lv_win_close_event_cb	32	static
lv_win.c:225:6:lv_win_set_title	32	static
lv_win.c:241:6:lv_win_set_btn_size	32	static
lv_win.c:259:6:lv_win_set_content_size	32	static
lv_win.c:274:6:lv_win_set_layout	32	static
lv_win.c:287:6:lv_win_set_sb_mode	32	static
lv_win.c:299:6:lv_win_set_anim_time	24	static
lv_win.c:312:6:lv_win_set_style	40	static
lv_win.c:353:6:lv_win_set_drag	32	static
lv_win.c:372:14:lv_win_get_title	32	static
lv_win.c:385:12:lv_win_get_content	32	static
lv_win.c:398:12:lv_win_get_btn_size	32	static
lv_win.c:412:12:lv_win_get_from_btn	32	static
lv_win.c:427:13:lv_win_get_layout	32	static
lv_win.c:440:14:lv_win_get_sb_mode	32	static
lv_win.c:453:10:lv_win_get_anim_time	24	static
lv_win.c:465:12:lv_win_get_width	40	static
lv_win.c:482:20:lv_win_get_style	32	static
lv_win.c:512:6:lv_win_focus	40	static
lv_win.c:533:17:lv_win_signal	56	static
lv_win.c:581:13:lv_win_realign	64	static
