lv_area.h:76:20:lv_area_copy	16	static
lv_area.h:86:26:lv_area_get_width	16	static
lv_area.h:96:26:lv_area_get_height	16	static
lv_obj.c:79:6:lv_init	8	static
lv_obj.c:125:6:lv_deinit	8	static
lv_obj.c:149:12:lv_obj_create	40	static
lv_obj.c:414:10:lv_obj_del	48	static
lv_obj.c:499:6:lv_obj_del_async	24	static
lv_obj.c:509:6:lv_obj_clean	32	static
lv_obj.c:529:6:lv_obj_invalidate_area	64	static
lv_obj.c:574:6:lv_obj_invalidate	40	static
lv_obj.c:603:6:lv_obj_set_parent	32	static
lv_obj.c:643:6:lv_obj_move_foreground	32	static
lv_obj.c:666:6:lv_obj_move_background	32	static
lv_obj.c:695:6:lv_obj_set_pos	40	static
lv_obj.c:744:6:lv_obj_set_x	24	static
lv_obj.c:756:6:lv_obj_set_y	24	static
lv_obj.c:769:6:lv_obj_set_size	40	static
lv_obj.c:824:6:lv_obj_set_width	24	static
lv_obj.c:836:6:lv_obj_set_height	24	static
lv_obj.c:851:6:lv_obj_align	48	static
lv_obj.c:1001:6:lv_obj_align_origo	56	static
lv_obj.c:1150:6:lv_obj_realign	32	static
lv_obj.c:1171:6:lv_obj_set_auto_realign	24	static
lv_obj.c:1195:6:lv_obj_set_ext_click_area	32	static
lv_obj.c:1225:6:lv_obj_set_style	24	static
lv_obj.c:1243:6:lv_obj_refresh_style	24	static
lv_obj.c:1257:6:lv_obj_report_style_mod	32	static
lv_obj.c:1286:6:lv_obj_set_hidden	32	static
lv_obj.c:1305:6:lv_obj_set_click	24	static
lv_obj.c:1318:6:lv_obj_set_top	24	static
lv_obj.c:1330:6:lv_obj_set_drag	24	static
lv_obj.c:1343:6:lv_obj_set_drag_dir	24	static
lv_obj.c:1357:6:lv_obj_set_drag_throw	24	static
lv_obj.c:1370:6:lv_obj_set_drag_parent	24	static
lv_obj.c:1382:6:lv_obj_set_parent_event	24	static
lv_obj.c:1389:6:lv_obj_set_base_dir	16	static
lv_obj.c:1411:6:lv_obj_set_opa_scale_enable	24	static
lv_obj.c:1426:6:lv_obj_set_opa_scale	24	static
lv_obj.c:1439:6:lv_obj_set_protect	24	static
lv_obj.c:1451:6:lv_obj_clear_protect	24	static
lv_obj.c:1465:6:lv_obj_set_event_cb	24	static
lv_obj.c:1479:10:lv_event_send	40	static
lv_obj.c:1500:10:lv_event_send_func	56	static
lv_obj.c:1557:14:lv_event_get_data	4	static
lv_obj.c:1568:6:lv_obj_set_signal_cb	24	static
lv_obj.c:1580:6:lv_signal_send	32	static
lv_obj.c:1592:6:lv_obj_set_design_cb	24	static
lv_obj.c:1609:8:lv_obj_allocate_ext_attr	24	static
lv_obj.c:1622:6:lv_obj_refresh_ext_draw_pad	24	static
lv_obj.c:1641:12:lv_obj_get_screen	32	static
lv_obj.c:1661:13:lv_obj_get_disp	40	static
lv_obj.c:1695:12:lv_obj_get_parent	24	static
lv_obj.c:1709:12:lv_obj_get_child	32	static
lv_obj.c:1731:12:lv_obj_get_child_back	32	static
lv_obj.c:1751:10:lv_obj_count_children	32	static
lv_obj.c:1767:10:lv_obj_count_children_recursive	32	static
lv_obj.c:1792:6:lv_obj_get_coords	24	static
lv_obj.c:1804:6:lv_obj_get_inner_coords	32	static
lv_obj.c:1823:12:lv_obj_get_x	32	static
lv_obj.c:1842:12:lv_obj_get_y	32	static
lv_obj.c:1861:12:lv_obj_get_width	24	static
lv_obj.c:1873:12:lv_obj_get_height	24	static
lv_obj.c:1885:12:lv_obj_get_width_fit	32	static
lv_obj.c:1899:12:lv_obj_get_height_fit	32	static
lv_obj.c:1913:6:lv_obj_get_auto_realign	24	static
lv_obj.c:1930:12:lv_obj_get_ext_click_pad_left	24	static
lv_obj.c:1949:12:lv_obj_get_ext_click_pad_right	24	static
lv_obj.c:1968:12:lv_obj_get_ext_click_pad_top	24	static
lv_obj.c:1987:12:lv_obj_get_ext_click_pad_bottom	24	static
lv_obj.c:2006:12:lv_obj_get_ext_draw_pad	24	static
lv_obj.c:2022:20:lv_obj_get_style	40	static
lv_obj.c:2072:6:lv_obj_get_hidden	24	static
lv_obj.c:2084:6:lv_obj_get_click	24	static
lv_obj.c:2096:6:lv_obj_get_top	24	static
lv_obj.c:2108:6:lv_obj_get_drag	24	static
lv_obj.c:2120:15:lv_obj_get_drag_dir	24	static
lv_obj.c:2132:6:lv_obj_get_drag_throw	24	static
lv_obj.c:2144:6:lv_obj_get_drag_parent	16	static
lv_obj.c:2154:6:lv_obj_get_parent_event	24	static
lv_obj.c:2162:15:lv_obj_get_base_dir	16	static
lv_obj.c:2186:10:lv_obj_get_opa_scale_enable	24	static
lv_obj.c:2198:10:lv_obj_get_opa_scale	32	static
lv_obj.c:2217:9:lv_obj_get_protect	24	static
lv_obj.c:2230:6:lv_obj_is_protected	24	static
lv_obj.c:2242:16:lv_obj_get_signal_cb	24	static
lv_obj.c:2254:16:lv_obj_get_design_cb	24	static
lv_obj.c:2266:15:lv_obj_get_event_cb	24	static
lv_obj.c:2283:8:lv_obj_get_ext_attr	24	static
lv_obj.c:2296:6:lv_obj_get_type	64	static
lv_obj.c:2365:8:lv_obj_get_group	24	static
lv_obj.c:2377:6:lv_obj_is_focused	24	static
lv_obj.c:2401:10:lv_obj_handle_get_type_signal	24	static
lv_obj.c:2416:13:lv_obj_del_async_cb	24	static
lv_obj.c:2432:13:lv_obj_design	56	static
lv_obj.c:2478:17:lv_obj_signal	32	static
lv_obj.c:2502:13:refresh_children_position	24	static
lv_obj.c:2521:13:report_style_mod_core	24	static
lv_obj.c:2540:13:refresh_children_style	24	static
lv_obj.c:2559:13:delete_children	40	static
lv_obj.c:2625:13:base_dir_refr_children	24	static
lv_obj.c:2641:13:lv_event_mark_deleted	24	static
